Validation succeeded in 129.6 ms (no cache artifacts written)
Validation succeeded in 2343.7 ms (no cache artifacts written)
Validation succeeded in 468.3 ms (no cache artifacts written)
Validation succeeded in 491.0 ms (no cache artifacts written)
Validation succeeded in 440.5 ms (no cache artifacts written)
Validation succeeded in 257.2 ms (no cache artifacts written)
Validation succeeded in 198.0 ms (no cache artifacts written)
Validation succeeded in 197.9 ms (no cache artifacts written)
Validation succeeded in 155.3 ms (no cache artifacts written)
Validation succeeded in 82.0 ms (no cache artifacts written)
Validation succeeded in 80.7 ms (no cache artifacts written)
Validation succeeded in 87.8 ms (no cache artifacts written)
Validation succeeded in 129.0 ms (no cache artifacts written)
Validation succeeded in 220.4 ms (no cache artifacts written)
Validation succeeded in 152.1 ms (no cache artifacts written)
Validation succeeded in 447.7 ms (no cache artifacts written)
Validation succeeded in 521.6 ms (no cache artifacts written)
Validation succeeded in 439.2 ms (no cache artifacts written)
Validation succeeded in 956.0 ms (no cache artifacts written)
Validation succeeded in 94.4 ms (no cache artifacts written)
Validation succeeded in 83.8 ms (no cache artifacts written)
Validation succeeded in 81.4 ms (no cache artifacts written)
Validation succeeded in 115.9 ms (no cache artifacts written)
Compilation failed: Stage 6: Enrich shared schemas and effects failed:
  - [VFS-PROFILE-COMPILE] /tmp/hamlet-static-epistemic-access/configs/test/vfs_circular_dependency/variables.yaml:1 - Circular dependency detected in cycle: a -> b -> a
Validation succeeded in 114.3 ms (no cache artifacts written)
Compilation failed: Stage 6: Enrich shared schemas and effects failed:
  - [VFS-PROFILE-COMPILE] /tmp/hamlet-static-epistemic-access/configs/test/vfs_type_mismatch/variables.yaml:1 - Variable 'my_int_var' declared as scalar but expression returns bool
Compilation failed: Stage 6: Enrich shared schemas and effects failed:
  - [VFS-PROFILE-COMPILE] /tmp/hamlet-static-epistemic-access/configs/test/vfs_undefined_var/variables.yaml:1 - Variable 'undefined_var' not found in schema. Available variables: ['tick', 'bar.energy']
Validation succeeded in 148.6 ms (no cache artifacts written)
Validation succeeded in 194.0 ms (no cache artifacts written)
🔧 Validating configs/L5_multi_agent via CLI ...
🔧 Validating configs/default_curriculum via CLI ...
🔧 Validating configs/differential/boundary_wrap via CLI ...
🔧 Validating configs/differential/div003_cubic_partial via CLI ...
🔧 Validating configs/differential/div003_rect via CLI ...
🔧 Validating configs/reference/model_pack via CLI ...
🔧 Validating configs/simple via CLI ...
🔧 Validating configs/static_epistemic_access via CLI ...
🔧 Validating configs/test/action_masking via CLI ...
🔧 Validating configs/test/action_space/aspatial via CLI ...
🔧 Validating configs/test/action_space/continuous1d via CLI ...
🔧 Validating configs/test/action_space/grid2d via CLI ...
🔧 Validating configs/test/effects_smoke via CLI ...
🔧 Validating configs/test/gridnd_4d_pack via CLI ...
🔧 Validating configs/test/items_smoke via CLI ...
🔧 Validating configs/test/model_config via CLI ...
🔧 Validating configs/test/model_config_12meter via CLI ...
🔧 Validating configs/test/model_config_4meter via CLI ...
🔧 Validating configs/test/token_set_smoke via CLI ...
🔧 Validating configs/test/token_transfer_a via CLI ...
🔧 Validating configs/test/token_transfer_b via CLI ...
🔧 Validating configs/test/token_transfer_c via CLI ...
🔧 Validating configs/test/vfs_bar_access via CLI ...
🔧 Validating configs/test/vfs_circular_dependency via CLI ... (expected failure fixture)
🔧 Validating configs/test/vfs_dependency_chain via CLI ...
🔧 Validating configs/test/vfs_type_mismatch via CLI ... (expected failure fixture)
🔧 Validating configs/test/vfs_undefined_var via CLI ... (expected failure fixture)
🔧 Validating configs/trial002_money_log_gdp via CLI ...
🔧 Validating configs/trial_k_cold via CLI ...
✅ Universe compiler CLI validation passed
