DIVERGED_AS_REGISTERED default_curriculum:L0_0_minimal:cpu:seed42
DIVERGED_AS_REGISTERED default_curriculum:L0_5_dual_resource:cpu:seed42
DIVERGED_AS_REGISTERED default_curriculum:L1_full_observability:cpu:seed42
DIVERGED_AS_REGISTERED default_curriculum:L2_partial_observability:cpu:seed42
DIVERGED_AS_REGISTERED default_curriculum:L3_temporal_mechanics:cpu:seed42
SKIPPED default_curriculum:L0_0_minimal:cuda:seed42
SKIPPED default_curriculum:L0_5_dual_resource:cuda:seed42
SKIPPED default_curriculum:L1_full_observability:cuda:seed42
SKIPPED default_curriculum:L2_partial_observability:cuda:seed42
SKIPPED default_curriculum:L3_temporal_mechanics:cuda:seed42
DIVERGED_AS_REGISTERED boundary_wrap:L1_full_observability:cpu:seed42
DIVERGED_AS_REGISTERED div003_cubic_partial:L2_partial_observability:cpu:seed42
DIVERGED_AS_REGISTERED div003_rect:L1_full_observability:cpu:seed42
SKIPPED boundary_wrap:L1_full_observability:cuda:seed42
SKIPPED div003_cubic_partial:L2_partial_observability:cuda:seed42
SKIPPED div003_rect:L1_full_observability:cuda:seed42
DIVERGED_AS_REGISTERED items_smoke:L0_smoke:cpu:seed42
DIVERGED_AS_REGISTERED effects_smoke:L0_effects:cpu:seed42
SKIPPED items_smoke:L0_smoke:cuda:seed42
SKIPPED effects_smoke:L0_effects:cuda:seed42
