census configs/L5_multi_agent:L5_multi_agent
census configs/aspatial_test:L0
census configs/default_curriculum:L0_0_minimal
census configs/default_curriculum:L0_5_dual_resource
census configs/default_curriculum:L1_full_observability
census configs/default_curriculum:L2_partial_observability
census configs/default_curriculum:L3_temporal_mechanics
census configs/differential/boundary_wrap:L1_full_observability
census configs/differential/div003_cubic_partial:L2_partial_observability
census configs/differential/div003_rect:L1_full_observability
census configs/reference/model_pack:L0_demo
census configs/simple:L0_simple
census configs/test/action_masking:L0_masking
census configs/test/action_space/aspatial:L0
census configs/test/action_space/continuous1d:L0
census configs/test/action_space/grid2d:L0
census configs/test/effects_smoke:L0_effects
census configs/test/gridnd_4d_pack:L0_test
census configs/test/items_smoke:L0_smoke
census configs/test/model_config:L0_test
census configs/test/model_config_12meter:L0_12meter
census configs/test/model_config_4meter:L0_4meter
census configs/test/token_set_smoke:L0_test
census configs/test/token_set_smoke:L1_attention
census configs/test/token_transfer_a:L0_transfer
census configs/test/token_transfer_b:L0_transfer
census configs/test/token_transfer_c:L0_transfer
census configs/test/vfs_bar_access:L0_bars
census configs/test/vfs_dependency_chain:L0_deps
census configs/trial002_money_log_gdp:L0_simple
census configs/trial_k_cold:L0_cold
reset configs/L5_multi_agent:L5_multi_agent
reset configs/default_curriculum:L0_0_minimal
reset configs/default_curriculum:L0_5_dual_resource
reset configs/default_curriculum:L1_full_observability
reset configs/default_curriculum:L2_partial_observability
reset configs/default_curriculum:L3_temporal_mechanics
reset configs/differential/boundary_wrap:L1_full_observability
reset configs/differential/div003_cubic_partial:L2_partial_observability
reset configs/differential/div003_rect:L1_full_observability
reset configs/test/effects_smoke:L0_effects
reset configs/test/items_smoke:L0_smoke
traced default_curriculum:L0_0_minimal:cpu:seed42
traced default_curriculum:L0_5_dual_resource:cpu:seed42
traced default_curriculum:L1_full_observability:cpu:seed42
traced default_curriculum:L2_partial_observability:cpu:seed42
traced default_curriculum:L3_temporal_mechanics:cpu:seed42
traced boundary_wrap:L1_full_observability:cpu:seed42
traced div003_cubic_partial:L2_partial_observability:cpu:seed42
traced div003_rect:L1_full_observability:cpu:seed42
traced items_smoke:L0_smoke:cpu:seed42
traced effects_smoke:L0_effects:cpu:seed42
150 changed identities; 0 unattributed; 0 stale; trace_failed=False; reset_failed=False
